★ eas-cli@16.25.0 is now available.
To upgrade, run:
npm install -g eas-cli
Proceeding with outdated version.

Resolved "production" environment for the build. Learn more: https://docs.expo.dev/eas/environment-variables/#setting-the-environment-for-your-builds
No environment variables with visibility "Plain text" and "Sensitive" found for the "production" environment on EAS.
Environment variables loaded from the "production" build profile "env" configuration: EXPO_PUBLIC_SUPABASE_URL, EXPO_PUBLIC_SUPABASE_ANON_KEY.

Specified value for "ios.bundleIdentifier" in app.json is ignored because an ios directory was detected in the project.
EAS Build will use the value found in the native code.
ios.buildNumber field in app config is ignored when version source is set to remote, but this value will still be in the manifest available via expo-constants. It's recommended to remove this value from app config.
✔ Using remote iOS credentials (Expo server)

Distribution Certificate is not validated for non-interactive builds.
Skipping Provisioning Profile validation on Apple Servers because we aren't authenticated.

Project Credentials Configuration

Project                   @tbijou/three-steps
Bundle Identifier         com.threesteps.app
                          
App Store Configuration   
                          
Distribution Certificate  
Serial Number             1755B98B97E639699F2D515E4BFF4D64
Expiration Date           Sat, 18 Jul 2026 14:36:02 EDT
Apple Team                C22U369FXK (lev bouillon (Individual))
Updated                   3 months ago
                          
Provisioning Profile      
Developer Portal ID       LPMRX5ZTU5
Status                    active
Expiration                Sat, 18 Jul 2026 14:36:02 EDT
Apple Team                C22U369FXK (lev bouillon (Individual))
Updated                   2 days ago
                          
All credentials are ready to build @tbijou/three-steps (com.threesteps.app)


Compressing project files and uploading to EAS Build. Learn more: https://expo.fyi/eas-build-archive
- Uploading to EAS Build (0 / 564 KB)
✔ Uploaded to EAS 
- Computing project fingerprint
✔ Computed project fingerprint

Build details: https://expo.dev/accounts/tbijou/projects/three-steps/builds/ca28f95c-0a6f-4e61-a18e-99419e5a85cd

Waiting for build to complete. You can press Ctrl+C to exit.
- Waiting for build to complete.
✔ Build finished

🍏 iOS app:
https://expo.dev/artifacts/eas/qXTv5JU2Fuyjxsfy4JFqrK.ipa
